[0;32mI (151) esp_image: segmï¿½ets Jun  8 2016 00:22:57[0m

rst:0x1 (POWERON_RESET),boot:0x13 (SPI_FAST_FLASH_BOOT)
configsip: 0, SPIWP:0xee
clk_drv:0x00,q_drv:0x00,d_drv:0x00,cs0_drv:0x00,hd_drv:0x00,wp_drv:0x00
mode:DIO, clock div:2
load:0x3fff0030,len:7128
load:0x40078000,len:15716
load:0x40080400,len:4
load:0x40080404,len:3876
entry 0x4008064c
[0;32mI (29) boot: ESP-IDF v5.1.6-354-gfb2a72fd53 2nd stage bootloader[0m
[0;32mI (29) boot: compile time Apr 15 2025 18:27:14[0m
[0;32mI (30) boot: Multicore bootloader[0m
[0;32mI (35) boot: chip revision: v1.0[0m
[0;32mI (38) boot.esp32: SPI Speed      : 40MHz[0m
[0;32mI (43) boot.esp32: SPI Mode       : DIO[0m
[0;32mI (48) boot.esp32: SPI Flash Size : 2MB[0m
[0;32mI (52) boot: Enabling RNG early entropy source...[0m
[0;32mI (57) boot: Partition Table:[0m
[0;32mI (61) boot: ## Label            Usage          Type ST Offset   Length[0m
[0;32mI (68) boot:  0 nvs              WiFi data        01 02 00009000 00006000[0m
[0;32mI (76) boot:  1 phy_init         RF data          01 01 0000f000 00001000[0m
[0;32mI (83) boot:  2 factory          factory app      00 00 00010000 00100000[0m
[0;32mI (91) boot: End of partition table[0m
[0;32mI (95) esp_image: segment 0: paddr=00010020 vaddr=3f400020 size=1e9c8h (125384) map[0m
[0;32mI (149) esp_image: segment 1: paddr=0002e9f0 vaddr=3ffb0000 size=01628h (  5672) load[0m
[0;32mI (151) esp_image: segment 2: paddr=00030020 vaddr=400d0020 size=95194h (610708) map[0m
[0;32mI (375) esp_image: segment 3: paddr=000c51bc vaddr=3ffb1628 size=025f0h (  9712) load[0m
[0;32mI (379) esp_image: segment 4: paddr=000c77b4 vaddr=40080000 size=16944h ( 92484) load[0m
[0;32mI (430) boot: Loaded app from partition at offset 0x10000[0m
[0;32mI (431) boot: Disabling RNG early entropy source...[0m
[0;32mI (442) cpu_start: Multicore app[0m
[0;32mI (443) cpu_start: Pro cpu up.[0m
[0;32mI (443) cpu_start: Starting app cpu, entry point is 0x400813cc[0m
[0;32mI (0) cpu_start: App cpu up.[0m
[0;32mI (460) cpu_start: Pro cpu start user code[0m
[0;32mI (460) cpu_start: cpu freq: 160000000 Hz[0m
[0;32mI (460) cpu_start: Application information:[0m
[0;32mI (465) cpu_start: Project name:     ashumitra_own[0m
[0;32mI (471) cpu_start: App version:      1[0m
[0;32mI (475) cpu_start: Compile time:     Apr 15 2025 18:27:05[0m
[0;32mI (481) cpu_start: ELF file SHA256:  2bb5236347eeec84...[0m
[0;32mI (487) cpu_start: ESP-IDF:          v5.1.6-354-gfb2a72fd53[0m
[0;32mI (493) cpu_start: Min chip rev:     v0.0[0m
[0;32mI (498) cpu_start: Max chip rev:     v3.99 [0m
[0;32mI (503) cpu_start: Chip rev:         v1.0[0m
[0;32mI (508) heap_init: Initializing. RAM available for dynamic allocation:[0m
[0;32mI (515) heap_init: At 3FFAE6E0 len 00001920 (6 KiB): DRAM[0m
[0;32mI (521) heap_init: At 3FFB7D88 len 00028278 (160 KiB): DRAM[0m
[0;32mI (527) heap_init: At 3FFE0440 len 00003AE0 (14 KiB): D/IRAM[0m
[0;32mI (533) heap_init: At 3FFE4350 len 0001BCB0 (111 KiB): D/IRAM[0m
[0;32mI (540) heap_init: At 40096944 len 000096BC (37 KiB): IRAM[0m
[0;32mI (548) spi_flash: detected chip: generic[0m
[0;32mI (551) spi_flash: flash io: dio[0m
[0;33mW (555) spi_flash: Detected size(4096k) larger than the size in the binary image header(2048k). Using the size in the binary image header.[0m
[0;32mI (569) app_start: Starting scheduler on CPU0[0m
[0;32mI (573) app_start: Starting scheduler on CPU1[0m
[0;32mI (573) main_task: Started on CPU0[0m
[0;32mI (583) main_task: Calling app_main()[0m
[0;32mI (623) HTTP_SERVER: Successfully read filled slots status from NVS.[0m
[0;32mI (623) ASHUMITRA_SERVER: Servo initialized on GPIO 2[0m
[0;32mI (623) ASHUMITRA_SERVER: Initializing WiFi...[0m
[0;32mI (643) wifi:wifi driver task: 3ffbffd4, prio:23, stack:6656, core=0[0m
[0;32mI (663) wifi:wifi firmware version: 82c12cc[0m
[0;32mI (663) wifi:wifi certification version: v7.0[0m
[0;32mI (663) wifi:config NVS flash: enabled[0m
[0;32mI (663) wifi:config nano formating: disabled[0m
[0;32mI (663) wifi:Init data frame dynamic rx buffer num: 32[0m
[0;32mI (673) wifi:Init static rx mgmt buffer num: 5[0m
[0;32mI (673) wifi:Init management short buffer num: 32[0m
[0;32mI (673) wifi:Init dynamic tx buffer num: 32[0m
[0;32mI (683) wifi:Init static rx buffer size: 1600[0m
[0;32mI (683) wifi:Init static rx buffer num: 10[0m
[0;32mI (693) wifi:Init dynamic rx buffer num: 32[0m
[0;32mI (693) wifi_init: rx ba win: 6[0m
[0;32mI (693) wifi_init: tcpip mbox: 32[0m
[0;32mI (703) wifi_init: udp mbox: 6[0m
[0;32mI (703) wifi_init: tcp mbox: 6[0m
[0;32mI (703) wifi_init: tcp tx win: 5760[0m
[0;32mI (713) wifi_init: tcp rx win: 5760[0m
[0;32mI (713) wifi_init: tcp mss: 1440[0m
[0;32mI (723) wifi_init: WiFi IRAM OP enabled[0m
[0;32mI (723) wifi_init: WiFi RX IRAM OP enabled[0m
[0;32mI (743) phy_init: phy_version 4860,6b7a6e5,Feb  6 2025,14:47:07[0m
[0;32mI (823) wifi:mode : sta (8c:aa:b5:94:27:7c)[0m
[0;32mI (823) wifi:enable tsf[0m
[0;32mI (833) HTTP_SERVER: wifi_init_sta finished.[0m
[0;32mI (2053) wifi:new:<11,0>, old:<1,0>, ap:<255,255>, sta:<11,0>, prof:1[0m
[0;32mI (2053) wifi:state: init -> auth (b0)[0m
[0;32mI (2063) wifi:state: auth -> assoc (0)[0m
[0;32mI (2093) wifi:state: assoc -> run (10)[0m
[0;32mI (2103) wifi:connected with Delta_Virus_2.4G, aid = 3, channel 11, BW20, bssid = 50:2b:73:89:ee:21[0m
[0;32mI (2103) wifi:security: WPA2-PSK, phy: bgn, rssi: -59[0m
[0;32mI (2113) wifi:pm start, type: 1[0m

[0;32mI (2113) wifi:dp: 1, bi: 102400, li: 3, scale listen interval from 307200 us to 307200 us[0m
[0;32mI (2123) wifi:<ba-add>idx:0 (ifx:0, 50:2b:73:89:ee:21), tid:7, ssn:0, winSize:64[0m
[0;32mI (2153) wifi:AP's beacon interval = 102400 us, DTIM period = 1[0m
[0;32mI (2463) wifi:<ba-add>idx:1 (ifx:0, 50:2b:73:89:ee:21), tid:5, ssn:2, winSize:64[0m
[0;32mI (6123) esp_netif_handlers: sta ip: 192.168.0.101, mask: 255.255.255.0, gw: 192.168.0.1[0m
[0;32mI (6123) HTTP_SERVER: got ip:192.168.0.101[0m
[0;32mI (6123) HTTP_SERVER: connected to ap SSID:Delta_Virus_2.4G[0m
[0;32mI (6133) ASHUMITRA_SERVER: Starting web server...[0m
[0;32mI (6643) SERVO: Setting servo to 0 degrees (duty: 204)[0m
[0;32mI (6943) ASHUMITRA_SERVER: Servo set to initial position: 0 degrees (Slot 0)[0m
[0;32mI (6943) ASHUMITRA_SERVER: ASHUMITRA application started.[0m
[0;32mI (6943) main_task: Returned from app_main()[0m
[0;32mI (20483) wifi:<ba-del>idx:1, tid:5[0m
[0;32mI (20493) wifi:<ba-add>idx:1 (ifx:0, 50:2b:73:89:ee:21), tid:0, ssn:0, winSize:64[0m
[0;32mI (23463) SERVO: Setting servo to 0 degrees (duty: 204)[0m
[0;32mI (59513) SERVO: Setting servo to 17 degrees (duty: 281)[0m
[0;32mI (64313) SERVO: Setting servo to 34 degrees (duty: 359)[0m
[0;32mI (70363) SERVO: Setting servo to 103 degrees (duty: 673)[0m
ï¿½ï¿½}ï¿½ï¿½ï¿½ï¿½ï¿½ï¿½ Min chip rev:     v0.0[0m
[0;32mI (527) cpu_start: Max chip rev:     v3.99 [0m
[0;32mI (532) cpu_start: Chip rev:         v1.0[0m
[0;32mI (536) heap_init: Initializing. RAM available for dynamic allocation:[0m
[0;32mI (544) heap_init: At 3FFAE6E0 len 00001920 (6 KiB): DRAM[0m
[0;32mI (550) heap_init: At 3FFB7D88 len 00028278 (160 KiB): DRAM[0m
[0;32mI (556) heap_init: At 3FFE0440 len 00003AE0 (14 KiB): D/IRAM[0m
[0;32mI (562) heap_init: At 3FFE4350 len 0001BCB0 (111 KiB): D/IRAM[0m
[0;32mI (569) heap_init: At 40096944 len 000096BC (37 KiB): IRAM[0m
[0;32mI (576) spi_flash: detected chip: generic[0m
[0;32mI (579) spi_flash: flash io: dio[0m
[0;33mW (583) spi_flash: Detected size(4096k) larger than the size in the binary image header(2048k). Using the size in the binary image header.[0m
[0;32mI (597) app_start: Starting scheduler on CPU0[0m
[0;32mI (602) app_start: Starting scheduler on CPU1[0m
[0;32mI (602) main_task: Started on CPU0[0m
[0;32mI (612) main_task: Calling app_main()[0m
[0;32mI (652) HTTP_SERVER: Successfully read filled slots status from NVS.[0m
[0;32mI (652) ASHUMITRA_SERVER: Servo initialized on GPIO 2[0m
[0;32mI (652) ASHUMITRA_SERVER: Initializing WiFi...[0m
[0;32mI (672) wifi:wifi driver task: 3ffbffd4, prio:23, stack:6656, core=0[0m
[0;32mI (692) wifi:wifi firmware version: 82c12cc[0m
[0;32mI (692) wifi:wifi certification version: v7.0[0m
[0;32mI (692) wifi:config NVS flash: enabled[0m
[0;32mI (692) wifi:config nano formating: disabled[0m
[0;32mI (692) wifi:Init data frame dynamic rx buffer num: 32[0m
[0;32mI (702) wifi:Init static rx mgmt buffer num: 5[0m
[0;32mI (702) wifi:Init management short buffer num: 32[0m
[0;32mI (702) wifi:Init dynamic tx buffer num: 32[0m
[0;32mI (712) wifi:Init static rx buffer size: 1600[0m
[0;32mI (712) wifi:Init static rx buffer num: 10[0m
[0;32mI (722) wifi:Init dynamic rx buffer num: 32[0m
[0;32mI (722) wifi_init: rx ba win: 6[0m
[0;32mI (722) wifi_init: tcpip mbox: 32[0m
[0;32mI (732) wifi_init: udp mbox: 6[0m
[0;32mI (732) wifi_init: tcp mbox: 6[0m
[0;32mI (732) wifi_init: tcp tx win: 5760[0m
[0;32mI (742) wifi_init: tcp rx win: 5760[0m
[0;32mI (742) wifi_init: tcp mss: 1440[0m
[0;32mI (752) wifi_init: WiFi IRAM OP enabled[0m
[0;32mI (752) wifi_init: WiFi RX IRAM OP enabled[0m
[0;32mI (772) phy_init: phy_version 4860,6b7a6e5,Feb  6 2025,14:47:07[0m
[0;32mI (852) wifi:mode : sta (8c:aa:b5:94:27:7c)[0m
[0;32mI (852) wifi:enable tsf[0m
[0;32mI (852) HTTP_SERVER: wifi_init_sta finished.[0m
[0;32mI (2082) wifi:new:<11,0>, old:<1,0>, ap:<255,255>, sta:<11,0>, prof:1[0m
[0;32mI (2082) wifi:state: init -> auth (b0)[0m
[0;32mI (2112) wifi:state: auth -> assoc (0)[0m
[0;32mI (2142) wifi:state: assoc -> run (10)[0m
[0;32mI (2152) wifi:connected with Delta_Virus_2.4G, aid = 3, channel 11, BW20, bssid = 50:2b:73:89:ee:21[0m
[0;32mI (2152) wifi:security: WPA2-PSK, phy: bgn, rssi: -52[0m
[0;32mI (2162) wifi:pm start, type: 1[0m

[0;32mI (2162) wifi:dp: 1, bi: 102400, li: 3, scale listen interval from 307200 us to 307200 us[0m
[0;32mI (2172) wifi:<ba-add>idx:0 (ifx:0, 50:2b:73:89:ee:21), tid:7, ssn:0, winSize:64[0m
[0;32mI (2172) wifi:AP's beacon interval = 102400 us, DTIM period = 1[0m
[0;32mI (2692) wifi:<ba-add>idx:1 (ifx:0, 50:2b:73:89:ee:21), tid:5, ssn:2, winSize:64[0m
[0;32mI (5172) esp_netif_handlers: sta ip: 192.168.0.101, mask: 255.255.255.0, gw: 192.168.0.1[0m
[0;32mI (5172) HTTP_SERVER: got ip:192.168.0.101[0m
[0;32mI (5172) HTTP_SERVER: connected to ap SSID:Delta_Virus_2.4G[0m
[0;32mI (5182) ASHUMITRA_SERVER: Starting web server...[0m
[0;32mI (5692) SERVO: Setting servo to 0 degrees (duty: 204)[0m
[0;32mI (5992) ASHUMITRA_SERVER: Servo set to initial position: 0 degrees (Slot 0)[0m
[0;32mI (5992) ASHUMITRA_SERVER: ASHUMITRA application started.[0m
[0;32mI (5992) main_task: Returned from app_main()[0m
[0;32mI (8132) SERVO: Setting servo to 0 degrees (duty: 204)[0m
[0;32mI (8932) SERVO: Setting servo to 0 degrees (duty: 204)[0m
[0;32mI (15292) SERVO: Setting servo to 17 degrees (duty: 281)[0m
[0;32mI (16092) SERVO: Setting servo to 0 degrees (duty: 204)[0m
[0;32mI (32902) SERVO: Setting servo to 69 degrees (duty: 518)[0m
[0;32mI (33702) SERVO: Setting servo to 0 degrees (duty: 204)[0m
[0;33mW (45402) httpd_uri: httpd_uri: uri handler execution failed[0m
[0;33mW (59532) httpd_uri: httpd_uri: uri handler execution failed[0m
[0;33mW (63752) httpd_uri: httpd_uri: uri handler execution failed[0m
[0;32mI (68642) SERVO: Setting servo to 5391702 degrees (duty: 1023)[0m
[0;32mI (73762) SERVO: Setting servo to 1380275039 degrees (duty: 1023)[0m
[0;32mI (76522) SERVO: Setting servo to 1380275039 degrees (duty: 1023)[0m
[0;32mI (81642) wifi:<ba-del>idx:1, tid:5[0m
[0;32mI (81642) wifi:<ba-add>idx:1 (ifx:0, 50:2b:73:89:ee:21), tid:0, ssn:0, winSize:64[0m
[0;32mI (81642) SERVO: Setting servo to 993024795 degrees (duty: 1023)[0m
[0;32mI (86562) SERVO: Setting servo to 544175136 degrees (duty: 1023)[0m
[0;33mW (95062) httpd_uri: httpd_uri: uri handler execution failed[0m
[0;33mW (98032) httpd_uri: httpd_uri: uri handler execution failed[0m
[0;33mW (99272) httpd_uri: httpd_uri: uri handler execution failed[0m
[0;32mI (103592) SERVO: Setting servo to 34 degrees (duty: 359)[0m
[0;32mI (107342) SERVO: Setting servo to 0 degrees (duty: 204)[0m
