ï¿½ segment 2: pï¿½ets Jun  8 2016 00:22:57

rst:0x1 (POWERON_RESET),boot:0x13 (SPI_FAST_FLASH_BOOT)
configsip: 0, SPIWP:0xee
clk_drv:0x00,q_drv:0x00,d_drv:0x00,cs0_drv:0x00,hd_drv:0x00,wp_drv:0x00
mode:DIO, clock div:2
load:0x3fff0030,len:7128
load:0x40078000,len:15716
load:0x40080400,len:4
load:0x40080404,len:3876
entry 0x4008064c
[0;32mI (29) boot: ESP-IDF v5.1.6-354-gfb2a72fd53 2nd stage bootloader[0m
[0;32mI (29) boot: compile time Apr 15 2025 18:27:14[0m
[0;32mI (31) boot: Multicore bootloader[0m
[0;32mI (35) boot: chip revision: v1.0[0m
[0;32mI (38) boot.esp32: SPI Speed      : 40MHz[0m
[0;32mI (43) boot.esp32: SPI Mode       : DIO[0m
[0;32mI (48) boot.esp32: SPI Flash Size : 2MB[0m
[0;32mI (52) boot: Enabling RNG early entropy source...[0m
[0;32mI (58) boot: Partition Table:[0m
[0;32mI (61) boot: ## Label            Usage          Type ST Offset   Length[0m
[0;32mI (68) boot:  0 nvs              WiFi data        01 02 00009000 00006000[0m
[0;32mI (76) boot:  1 phy_init         RF data          01 01 0000f000 00001000[0m
[0;32mI (83) boot:  2 factory          factory app      00 00 00010000 00100000[0m
[0;32mI (91) boot: End of partition table[0m
[0;32mI (95) esp_image: segment 0: paddr=00010020 vaddr=3f400020 size=1d5b0h (120240) map[0m
[0;32mI (147) esp_image: segment 1: paddr=0002d5d8 vaddr=3ffb0000 size=02a40h ( 10816) load[0m
[0;32mI (152) esp_image: segment 2: paddr=00030020 vaddr=400d0020 size=95194h (610708) map[0m
[0;32mI (373) esp_image: segment 3: paddr=000c51bc vaddr=3ffb2a40 size=011d8h (  4568) load[0m
[0;32mI (375) esp_image: segment 4: paddr=000c639c vaddr=40080000 size=16944h ( 92484) load[0m
[0;32mI (429) boot: Loaded app from partition at offset 0x10000[0m
[0;32mI (429) boot: Disabling RNG early entropy source...[0m
[0;32mI (440) cpu_start: Multicore app[0m
[0;32mI (441) cpu_start: Pro cpu up.[0m
[0;32mI (441) cpu_start: Starting app cpu, entry point is 0x400813cc[0m
[0;32mI (0) cpu_start: App cpu up.[0m
[0;32mI (459) cpu_start: Pro cpu start user code[0m
[0;32mI (459) cpu_start: cpu freq: 160000000 Hz[0m
[0;32mI (459) cpu_start: Application information:[0m
[0;32mI (463) cpu_start: Project name:     ashumitra_own[0m
[0;32mI (469) cpu_start: App version:      1[0m
[0;32mI (473) cpu_start: Compile time:     Apr 15 2025 18:27:05[0m
[0;32mI (479) cpu_start: ELF file SHA256:  2b2b6a6fee85fc39...[0m
[0;32mI (485) cpu_start: ESP-IDF:          v5.1.6-354-gfb2a72fd53[0m
[0;32mI (492) cpu_start: Min chip rev:     v0.0[0m
[0;32mI (496) cpu_start: Max chip rev:     v3.99 [0m
[0;32mI (501) cpu_start: Chip rev:         v1.0[0m
[0;32mI (506) heap_init: Initializing. RAM available for dynamic allocation:[0m
[0;32mI (513) heap_init: At 3FFAE6E0 len 00001920 (6 KiB): DRAM[0m
[0;32mI (519) heap_init: At 3FFB7D88 len 00028278 (160 KiB): DRAM[0m
[0;32mI (525) heap_init: At 3FFE0440 len 00003AE0 (14 KiB): D/IRAM[0m
[0;32mI (532) heap_init: At 3FFE4350 len 0001BCB0 (111 KiB): D/IRAM[0m
[0;32mI (538) heap_init: At 40096944 len 000096BC (37 KiB): IRAM[0m
[0;32mI (546) spi_flash: detected chip: generic[0m
[0;32mI (549) spi_flash: flash io: dio[0m
[0;33mW (553) spi_flash: Detected size(4096k) larger than the size in the binary image header(2048k). Using the size in the binary image header.[0m
[0;32mI (567) app_start: Starting scheduler on CPU0[0m
[0;32mI (571) app_start: Starting scheduler on CPU1[0m
[0;32mI (571) main_task: Started on CPU0[0m
[0;32mI (581) main_task: Calling app_main()[0m
[0;32mI (621) HTTP_SERVER: Successfully read filled slots status from NVS.[0m
[0;32mI (621) ASHUMITRA_SERVER: Servo initialized on GPIO 2[0m
[0;32mI (621) ASHUMITRA_SERVER: Initializing WiFi...[0m
[0;32mI (641) wifi:wifi driver task: 3ffbffd4, prio:23, stack:6656, core=0[0m
[0;32mI (661) wifi:wifi firmware version: 82c12cc[0m
[0;32mI (661) wifi:wifi certification version: v7.0[0m
[0;32mI (661) wifi:config NVS flash: enabled[0m
[0;32mI (661) wifi:config nano formating: disabled[0m
[0;32mI (661) wifi:Init data frame dynamic rx buffer num: 32[0m
[0;32mI (671) wifi:Init static rx mgmt buffer num: 5[0m
[0;32mI (671) wifi:Init management short buffer num: 32[0m
[0;32mI (671) wifi:Init dynamic tx buffer num: 32[0m
[0;32mI (681) wifi:Init static rx buffer size: 1600[0m
[0;32mI (681) wifi:Init static rx buffer num: 10[0m
[0;32mI (691) wifi:Init dynamic rx buffer num: 32[0m
[0;32mI (691) wifi_init: rx ba win: 6[0m
[0;32mI (691) wifi_init: tcpip mbox: 32[0m
[0;32mI (701) wifi_init: udp mbox: 6[0m
[0;32mI (701) wifi_init: tcp mbox: 6[0m
[0;32mI (701) wifi_init: tcp tx win: 5760[0m
[0;32mI (711) wifi_init: tcp rx win: 5760[0m
[0;32mI (711) wifi_init: tcp mss: 1440[0m
[0;32mI (721) wifi_init: WiFi IRAM OP enabled[0m
[0;32mI (721) wifi_init: WiFi RX IRAM OP enabled[0m
[0;32mI (741) phy_init: phy_version 4860,6b7a6e5,Feb  6 2025,14:47:07[0m
[0;32mI (811) wifi:mode : sta (8c:aa:b5:94:27:7c)[0m
[0;32mI (821) wifi:enable tsf[0m
[0;32mI (821) HTTP_SERVER: wifi_init_sta finished.[0m
[0;32mI (2041) wifi:new:<11,0>, old:<1,0>, ap:<255,255>, sta:<11,0>, prof:1[0m
[0;32mI (2041) wifi:state: init -> auth (b0)[0m
[0;32mI (2061) wifi:state: auth -> assoc (0)[0m
[0;32mI (2081) wifi:state: assoc -> run (10)[0m
[0;32mI (2101) wifi:connected with Delta_Virus_2.4G, aid = 3, channel 11, BW20, bssid = 50:2b:73:89:ee:21[0m
[0;32mI (2101) wifi:security: WPA2-PSK, phy: bgn, rssi: -60[0m
[0;32mI (2111) wifi:pm start, type: 1[0m

[0;32mI (2111) wifi:dp: 1, bi: 102400, li: 3, scale listen interval from 307200 us to 307200 us[0m
[0;32mI (2111) wifi:AP's beacon interval = 102400 us, DTIM period = 1[0m
[0;32mI (2121) wifi:<ba-add>idx:0 (ifx:0, 50:2b:73:89:ee:21), tid:7, ssn:2, winSize:64[0m
[0;32mI (5121) esp_netif_handlers: sta ip: 192.168.0.101, mask: 255.255.255.0, gw: 192.168.0.1[0m
[0;32mI (5121) HTTP_SERVER: got ip:192.168.0.101[0m
[0;32mI (5121) HTTP_SERVER: connected to ap SSID:Delta_Virus_2.4G[0m
[0;32mI (5131) ASHUMITRA_SERVER: Starting web server...[0m
[0;32mI (5641) SERVO: Setting servo to 0 degrees (duty: 204)[0m
[0;32mI (5941) ASHUMITRA_SERVER: Servo set to initial position: 0 degrees (Slot 0)[0m
[0;32mI (5941) ASHUMITRA_SERVER: ASHUMITRA application started.[0m
[0;32mI (5941) main_task: Returned from app_main()[0m
